Archive member included to satisfy reference by file (symbol)

c:/siliconlabs/simplicitystudio/v4_2/developer/toolchains/gnu_arm/7.2_2017q4/bin/../lib/gcc/arm-none-eabi/7.2.1/../../../../arm-none-eabi/lib/thumb/v7e-m/fpv4-sp/softfp\libc_nano.a(lib_a-exit.o)
                              c:/siliconlabs/simplicitystudio/v4_2/developer/toolchains/gnu_arm/7.2_2017q4/bin/../lib/gcc/arm-none-eabi/7.2.1/../../../../arm-none-eabi/lib/thumb/v7e-m/fpv4-sp/softfp/crt0.o (exit)
c:/siliconlabs/simplicitystudio/v4_2/developer/toolchains/gnu_arm/7.2_2017q4/bin/../lib/gcc/arm-none-eabi/7.2.1/../../../../arm-none-eabi/lib/thumb/v7e-m/fpv4-sp/softfp\libc_nano.a(lib_a-impure.o)
                              c:/siliconlabs/simplicitystudio/v4_2/developer/toolchains/gnu_arm/7.2_2017q4/bin/../lib/gcc/arm-none-eabi/7.2.1/../../../../arm-none-eabi/lib/thumb/v7e-m/fpv4-sp/softfp\libc_nano.a(lib_a-exit.o) (_global_impure_ptr)
c:/siliconlabs/simplicitystudio/v4_2/developer/toolchains/gnu_arm/7.2_2017q4/bin/../lib/gcc/arm-none-eabi/7.2.1/../../../../arm-none-eabi/lib/thumb/v7e-m/fpv4-sp/softfp\libc_nano.a(lib_a-init.o)
                              c:/siliconlabs/simplicitystudio/v4_2/developer/toolchains/gnu_arm/7.2_2017q4/bin/../lib/gcc/arm-none-eabi/7.2.1/../../../../arm-none-eabi/lib/thumb/v7e-m/fpv4-sp/softfp/crt0.o (__libc_init_array)
c:/siliconlabs/simplicitystudio/v4_2/developer/toolchains/gnu_arm/7.2_2017q4/bin/../lib/gcc/arm-none-eabi/7.2.1/../../../../arm-none-eabi/lib/thumb/v7e-m/fpv4-sp/softfp\libc_nano.a(lib_a-memset.o)
                              c:/siliconlabs/simplicitystudio/v4_2/developer/toolchains/gnu_arm/7.2_2017q4/bin/../lib/gcc/arm-none-eabi/7.2.1/../../../../arm-none-eabi/lib/thumb/v7e-m/fpv4-sp/softfp/crt0.o (memset)
c:/siliconlabs/simplicitystudio/v4_2/developer/toolchains/gnu_arm/7.2_2017q4/bin/../lib/gcc/arm-none-eabi/7.2.1/../../../../arm-none-eabi/lib/thumb/v7e-m/fpv4-sp/softfp\libnosys.a(_exit.o)
                              c:/siliconlabs/simplicitystudio/v4_2/developer/toolchains/gnu_arm/7.2_2017q4/bin/../lib/gcc/arm-none-eabi/7.2.1/../../../../arm-none-eabi/lib/thumb/v7e-m/fpv4-sp/softfp\libc_nano.a(lib_a-exit.o) (_exit)

Allocating common symbols
Common symbol       size              file

adcBuffer           0x20              ./src/main_s1.o
reg1                0x4               ./src/main_s1.o
descr               0x10              ./src/main_s1.o
reg0                0x4               ./src/main_s1.o
trans               0x10              ./src/main_s1.o

Discarded input sections

 .text          0x00000000        0x0 c:/siliconlabs/simplicitystudio/v4_2/developer/toolchains/gnu_arm/7.2_2017q4/bin/../lib/gcc/arm-none-eabi/7.2.1/thumb/v7e-m/fpv4-sp/softfp/crti.o
 .data          0x00000000        0x0 c:/siliconlabs/simplicitystudio/v4_2/developer/toolchains/gnu_arm/7.2_2017q4/bin/../lib/gcc/arm-none-eabi/7.2.1/thumb/v7e-m/fpv4-sp/softfp/crti.o
 .bss           0x00000000        0x0 c:/siliconlabs/simplicitystudio/v4_2/developer/toolchains/gnu_arm/7.2_2017q4/bin/../lib/gcc/arm-none-eabi/7.2.1/thumb/v7e-m/fpv4-sp/softfp/crti.o
 .data          0x00000000        0x4 c:/siliconlabs/simplicitystudio/v4_2/developer/toolchains/gnu_arm/7.2_2017q4/bin/../lib/gcc/arm-none-eabi/7.2.1/thumb/v7e-m/fpv4-sp/softfp/crtbegin.o
 .data          0x00000000        0x0 c:/siliconlabs/simplicitystudio/v4_2/developer/toolchains/gnu_arm/7.2_2017q4/bin/../lib/gcc/arm-none-eabi/7.2.1/../../../../arm-none-eabi/lib/thumb/v7e-m/fpv4-sp/softfp/crt0.o
 .bss           0x00000000        0x0 c:/siliconlabs/simplicitystudio/v4_2/developer/toolchains/gnu_arm/7.2_2017q4/bin/../lib/gcc/arm-none-eabi/7.2.1/../../../../arm-none-eabi/lib/thumb/v7e-m/fpv4-sp/softfp/crt0.o
 .ARM.extab     0x00000000        0x0 c:/siliconlabs/simplicitystudio/v4_2/developer/toolchains/gnu_arm/7.2_2017q4/bin/../lib/gcc/arm-none-eabi/7.2.1/../../../../arm-none-eabi/lib/thumb/v7e-m/fpv4-sp/softfp/crt0.o
 .data          0x00000000        0x0 ./CMSIS/EFR32MG13P/startup_gcc_efr32mg13p.o
 .bss           0x00000000        0x0 ./CMSIS/EFR32MG13P/startup_gcc_efr32mg13p.o
 .group         0x00000000        0xc ./CMSIS/EFR32MG13P/system_efr32mg13p.o
 .group         0x00000000        0xc ./CMSIS/EFR32MG13P/system_efr32mg13p.o
 .group         0x00000000        0xc ./CMSIS/EFR32MG13P/system_efr32mg13p.o
 .group         0x00000000        0xc ./CMSIS/EFR32MG13P/system_efr32mg13p.o
 .group         0x00000000        0xc ./CMSIS/EFR32MG13P/system_efr32mg13p.o
 .group         0x00000000        0xc ./CMSIS/EFR32MG13P/system_efr32mg13p.o
 .group         0x00000000        0xc ./CMSIS/EFR32MG13P/system_efr32mg13p.o
 .group         0x00000000        0xc ./CMSIS/EFR32MG13P/system_efr32mg13p.o
 .group         0x00000000        0xc ./CMSIS/EFR32MG13P/system_efr32mg13p.o
 .group         0x00000000        0xc ./CMSIS/EFR32MG13P/system_efr32mg13p.o
 .group         0x00000000        0xc ./CMSIS/EFR32MG13P/system_efr32mg13p.o
[...]
Memory Configuration

Name             Origin             Length             Attributes
FLASH            0x00000000         0x00080000         xr
RAM              0x20000000         0x00010000         xrw
*default*        0x00000000         0xffffffff

Linker script and memory map

LOAD c:/siliconlabs/simplicitystudio/v4_2/developer/toolchains/gnu_arm/7.2_2017q4/bin/../lib/gcc/arm-none-eabi/7.2.1/thumb/v7e-m/fpv4-sp/softfp/crti.o
LOAD c:/siliconlabs/simplicitystudio/v4_2/developer/toolchains/gnu_arm/7.2_2017q4/bin/../lib/gcc/arm-none-eabi/7.2.1/thumb/v7e-m/fpv4-sp/softfp/crtbegin.o
LOAD c:/siliconlabs/simplicitystudio/v4_2/developer/toolchains/gnu_arm/7.2_2017q4/bin/../lib/gcc/arm-none-eabi/7.2.1/../../../../arm-none-eabi/lib/thumb/v7e-m/fpv4-sp/softfp/crt0.o
LOAD ./CMSIS/EFR32MG13P/startup_gcc_efr32mg13p.o
LOAD ./CMSIS/EFR32MG13P/system_efr32mg13p.o
LOAD ./emlib/em_adc.o
LOAD ./emlib/em_cmu.o
LOAD ./emlib/em_core.o
LOAD ./emlib/em_emu.o
LOAD ./emlib/em_ldma.o
LOAD ./emlib/em_letimer.o
LOAD ./emlib/em_prs.o
LOAD ./emlib/em_system.o
LOAD ./src/main_s1.o
START GROUP
LOAD c:/siliconlabs/simplicitystudio/v4_2/developer/toolchains/gnu_arm/7.2_2017q4/bin/../lib/gcc/arm-none-eabi/7.2.1/thumb/v7e-m/fpv4-sp/softfp\libgcc.a
LOAD c:/siliconlabs/simplicitystudio/v4_2/developer/toolchains/gnu_arm/7.2_2017q4/bin/../lib/gcc/arm-none-eabi/7.2.1/../../../../arm-none-eabi/lib/thumb/v7e-m/fpv4-sp/softfp\libc_nano.a
LOAD c:/siliconlabs/simplicitystudio/v4_2/developer/toolchains/gnu_arm/7.2_2017q4/bin/../lib/gcc/arm-none-eabi/7.2.1/../../../../arm-none-eabi/lib/thumb/v7e-m/fpv4-sp/softfp\libnosys.a
END GROUP
START GROUP
LOAD c:/siliconlabs/simplicitystudio/v4_2/developer/toolchains/gnu_arm/7.2_2017q4/bin/../lib/gcc/arm-none-eabi/7.2.1/thumb/v7e-m/fpv4-sp/softfp\libgcc.a
LOAD c:/siliconlabs/simplicitystudio/v4_2/developer/toolchains/gnu_arm/7.2_2017q4/bin/../lib/gcc/arm-none-eabi/7.2.1/../../../../arm-none-eabi/lib/thumb/v7e-m/fpv4-sp/softfp\libg_nano.a
LOAD c:/siliconlabs/simplicitystudio/v4_2/developer/toolchains/gnu_arm/7.2_2017q4/bin/../lib/gcc/arm-none-eabi/7.2.1/../../../../arm-none-eabi/lib/thumb/v7e-m/fpv4-sp/softfp\libc_nano.a
END GROUP
START GROUP
LOAD c:/siliconlabs/simplicitystudio/v4_2/developer/toolchains/gnu_arm/7.2_2017q4/bin/../lib/gcc/arm-none-eabi/7.2.1/thumb/v7e-m/fpv4-sp/softfp\libgcc.a
LOAD c:/siliconlabs/simplicitystudio/v4_2/developer/toolchains/gnu_arm/7.2_2017q4/bin/../lib/gcc/arm-none-eabi/7.2.1/../../../../arm-none-eabi/lib/thumb/v7e-m/fpv4-sp/softfp\libc_nano.a
END GROUP
LOAD c:/siliconlabs/simplicitystudio/v4_2/developer/toolchains/gnu_arm/7.2_2017q4/bin/../lib/gcc/arm-none-eabi/7.2.1/thumb/v7e-m/fpv4-sp/softfp/crtend.o
LOAD c:/siliconlabs/simplicitystudio/v4_2/developer/toolchains/gnu_arm/7.2_2017q4/bin/../lib/gcc/arm-none-eabi/7.2.1/thumb/v7e-m/fpv4-sp/softfp/crtn.o

.text           0x00000000     0x1868
 *(.vectors)
 .vectors       0x00000000       0xfc ./CMSIS/EFR32MG13P/startup_gcc_efr32mg13p.o
                0x00000000                __Vectors
                0x000000fc                __Vectors_End = .
                0x000000fc                __Vectors_Size = (__Vectors_End - __Vectors)
                0x000000fc                __end__ = .
 *(.text*)
 .text          0x000000fc       0x40 c:/siliconlabs/simplicitystudio/v4_2/developer/toolchains/gnu_arm/7.2_2017q4/bin/../lib/gcc/arm-none-eabi/7.2.1/thumb/v7e-m/fpv4-sp/softfp/crtbegin.o
 .text          0x0000013c       0x74 c:/siliconlabs/simplicitystudio/v4_2/developer/toolchains/gnu_arm/7.2_2017q4/bin/../lib/gcc/arm-none-eabi/7.2.1/../../../../arm-none-eabi/lib/thumb/v7e-m/fpv4-sp/softfp/crt0.o
                0x0000013c                _start
                0x0000013c                _mainCRTStartup
 .text          0x000001b0       0x30 ./CMSIS/EFR32MG13P/startup_gcc_efr32mg13p.o
                0x000001b0                Reset_Handler
                0x000001dc                USART0_TX_IRQHandler
                0x000001dc                PRORTC_IRQHandler
                0x000001dc                I2C0_IRQHandler
                0x000001dc                HardFault_Handler
                0x000001dc                SysTick_Handler
                0x000001dc                USART1_RX_IRQHandler
                0x000001dc                PendSV_Handler
                0x000001dc                NMI_Handler
                0x000001dc                SYNTH_IRQHandler
                0x000001dc                I2C1_IRQHandler
                0x000001dc                WTIMER0_IRQHandler
                0x000001dc                CRYPTO0_IRQHandler
                0x000001dc                WDOG0_IRQHandler
                0x000001dc                USART1_TX_IRQHandler
                0x000001dc                SMU_IRQHandler
                0x000001dc                MSC_IRQHandler
                0x000001dc                UsageFault_Handler
                0x000001dc                WDOG1_IRQHandler
                0x000001dc                LEUART0_IRQHandler
                0x000001dc                FPUEH_IRQHandler
                0x000001dc                GPIO_EVEN_IRQHandler
                0x000001dc                VDAC0_IRQHandler
                0x000001dc                CSEN_IRQHandler
                0x000001dc                CRYPTO1_IRQHandler
                0x000001dc                TIMER0_IRQHandler
                0x000001dc                DebugMon_Handler
                0x000001dc                LETIMER0_IRQHandler
                0x000001dc                TIMER1_IRQHandler
                0x000001dc                TRNG0_IRQHandler
                0x000001dc                RFSENSE_IRQHandler
                0x000001dc                BUFC_IRQHandler
                0x000001dc                MODEM_IRQHandler
                0x000001dc                USART2_RX_IRQHandler
                0x000001dc                Default_Handler
                0x000001dc                RAC_SEQ_IRQHandler
                0x000001dc                FRC_PRI_IRQHandler
                0x000001dc                EMU_IRQHandler
                0x000001dc                FRC_IRQHandler
                0x000001dc                CRYOTIMER_IRQHandler
                0x000001dc                PCNT0_IRQHandler
                0x000001dc                AGC_IRQHandler
                0x000001dc                sl_app_properties
                0x000001dc                ACMP0_IRQHandler
                0x000001dc                USART0_RX_IRQHandler
                0x000001dc                MemManage_Handler
                0x000001dc                SVC_Handler
                0x000001dc                RTCC_IRQHandler
                0x000001dc                CMU_IRQHandler
                0x000001dc                RAC_RSM_IRQHandler
                0x000001dc                LESENSE_IRQHandler
                0x000001dc                GPIO_ODD_IRQHandler
                0x000001dc                PROTIMER_IRQHandler
                0x000001dc                BusFault_Handler
                0x000001dc                USART2_TX_IRQHandler
                0x000001dc                IDAC0_IRQHandler
 .text.SystemMaxCoreClockGet
                0x000001e0        0x8 ./CMSIS/EFR32MG13P/system_efr32mg13p.o
                0x000001e0                SystemMaxCoreClockGet
 .text.SystemHFClockGet
                0x000001e8       0x58 ./CMSIS/EFR32MG13P/system_efr32mg13p.o
                0x000001e8                SystemHFClockGet
 .text.SystemCoreClockGet
                0x00000240       0x24 ./CMSIS/EFR32MG13P/system_efr32mg13p.o
                0x00000240                SystemCoreClockGet
 .text.SystemHFXOClockGet
                0x00000264        0xc ./CMSIS/EFR32MG13P/system_efr32mg13p.o
                0x00000264                SystemHFXOClockGet
 .text.SystemInit
                0x00000270       0x1c ./CMSIS/EFR32MG13P/system_efr32mg13p.o
                0x00000270                SystemInit
 .text.SystemLFRCOClockGet
                0x0000028c        0x8 ./CMSIS/EFR32MG13P/system_efr32mg13p.o
                0x0000028c                SystemLFRCOClockGet
 .text.SystemULFRCOClockGet
                0x00000294        0x8 ./CMSIS/EFR32MG13P/system_efr32mg13p.o
                0x00000294                SystemULFRCOClockGet
 .text.SystemLFXOClockGet
                0x0000029c        0xc ./CMSIS/EFR32MG13P/system_efr32mg13p.o
                0x0000029c                SystemLFXOClockGet
 .text.ADC_LoadDevinfoCal
                0x000002a8       0xc0 ./emlib/em_adc.o
 .text.ADC_Init
                0x00000368       0xb4 ./emlib/em_adc.o
                0x00000368                ADC_Init
 .text.ADC_InitSingle
                0x0000041c       0xb4 ./emlib/em_adc.o
                0x0000041c                ADC_InitSingle
 .text.ADC_PrescaleCalc
                0x000004d0       0x40 ./emlib/em_adc.o
                0x000004d0                ADC_PrescaleCalc
 .text.ADC_TimebaseCalc
                0x00000510       0x30 ./emlib/em_adc.o
                0x00000510                ADC_TimebaseCalc
 .text.flashWaitStateControl
                0x00000540       0x5c ./emlib/em_cmu.o
 .text.flashWaitStateMax
                0x0000059c       0x24 ./emlib/em_cmu.o
 .text.CMU_OscillatorTuningSet.part.2
                0x000005c0       0x3c ./emlib/em_cmu.o
 .text.CMU_UpdateWaitStates
                0x000005fc       0x1c ./emlib/em_cmu.o
                0x000005fc                CMU_UpdateWaitStates
 .text.CMU_AUXHFRCOBandGet
                0x00000618        0xc ./emlib/em_cmu.o
                0x00000618                CMU_AUXHFRCOBandGet
 .text.CMU_AUXHFRCOBandSet
                0x00000624      0x104 ./emlib/em_cmu.o
                0x00000624                CMU_AUXHFRCOBandSet
 .text.CMU_ClockEnable
                0x00000728       0x94 ./emlib/em_cmu.o
                0x00000728                CMU_ClockEnable
 .text.CMU_ClockPrescGet
                0x000007bc       0xf0 ./emlib/em_cmu.o
                0x000007bc                CMU_ClockPrescGet
 .text.CMU_ClockSelectGet
                0x000008ac       0xc4 ./emlib/em_cmu.o
                0x000008ac                CMU_ClockSelectGet
 .text.lfClkGet
                0x00000970       0x94 ./emlib/em_cmu.o
 .text.CMU_ClockFreqGet
                0x00000a04      0x1d4 ./emlib/em_cmu.o
                0x00000a04                CMU_ClockFreqGet
 .text.CMU_OscillatorTuningWait
                0x00000bd8       0x48 ./emlib/em_cmu.o
                0x00000bd8                CMU_OscillatorTuningWait
 .text.CMU_OscillatorEnable
                0x00000c20      0x170 ./emlib/em_cmu.o
                0x00000c20                CMU_OscillatorEnable
 .text.CMU_ClockSelectSet
                0x00000d90      0x2dc ./emlib/em_cmu.o
                0x00000d90                CMU_ClockSelectSet
 .text.vScaleAfterWakeup.part.2
                0x0000106c       0x20 ./emlib/em_emu.o
 .text.vScaleDownEM23Setup
                0x0000108c       0x48 ./emlib/em_emu.o
 .text.emState.constprop.8
                0x000010d4       0x60 ./emlib/em_emu.o
 .text.emState.part.4
                0x00001134       0xe0 ./emlib/em_emu.o
 .text.EMU_EM23PresleepHook
                0x00001214        0x4 ./emlib/em_emu.o
                0x00001214                EMU_EM23PresleepHook
 .text.EMU_EM23PostsleepHook
                0x00001218        0x4 ./emlib/em_emu.o
                0x00001218                EMU_EM23PostsleepHook
 .text.EMU_EnterEM2
                0x0000121c       0x54 ./emlib/em_emu.o
                0x0000121c                EMU_EnterEM2
 .text.EMU_VScaleEM01
                0x00001270       0xa4 ./emlib/em_emu.o
                0x00001270                EMU_VScaleEM01
 .text.EMU_VScaleEM01ByClock.part.6
                0x00001314       0x5c ./emlib/em_emu.o
 .text.EMU_VScaleEM01ByClock
                0x00001370       0x14 ./emlib/em_emu.o
                0x00001370                EMU_VScaleEM01ByClock
 .text.LDMA_Init
                0x00001384       0x54 ./emlib/em_ldma.o
                0x00001384                LDMA_Init
 .text.LETIMER_CompareSet
                0x000013d8       0x14 ./emlib/em_letimer.o
                0x000013d8                LETIMER_CompareSet
 .text.LETIMER_Init
                0x000013ec       0x80 ./emlib/em_letimer.o
                0x000013ec                LETIMER_Init
 .text.LETIMER_RepeatSet
                0x0000146c       0x14 ./emlib/em_letimer.o
                0x0000146c                LETIMER_RepeatSet
 .text.PRS_SourceAsyncSignalSet
                0x00001480       0x1c ./emlib/em_prs.o
                0x00001480                PRS_SourceAsyncSignalSet
 .text.SYSTEM_ChipRevisionGet
                0x0000149c       0x34 ./emlib/em_system.o
                0x0000149c                SYSTEM_ChipRevisionGet
 .text.ADC0_IRQHandler
                0x000014d0       0x28 ./src/main_s1.o
                0x000014d0                ADC0_IRQHandler
 .text.LDMA_IRQHandler
                0x000014f8        0xc ./src/main_s1.o
                0x000014f8                LDMA_IRQHandler
 .text.initLetimer
                0x00001504       0x8c ./src/main_s1.o
                0x00001504                initLetimer
 .text.initLdma
                0x00001590       0x74 ./src/main_s1.o
                0x00001590                initLdma
 .text.initAdc  0x00001604      0x104 ./src/main_s1.o
                0x00001604                initAdc
 .text.startup.main
                0x00001708       0x78 ./src/main_s1.o
                0x00001708                main
 .text.exit     0x00001780       0x28 c:/siliconlabs/simplicitystudio/v4_2/developer/toolchains/gnu_arm/7.2_2017q4/bin/../lib/gcc/arm-none-eabi/7.2.1/../../../../arm-none-eabi/lib/thumb/v7e-m/fpv4-sp/softfp\libc_nano.a(lib_a-exit.o)
                0x00001780                exit
 .text.__libc_init_array
                0x000017a8       0x48 c:/siliconlabs/simplicitystudio/v4_2/developer/toolchains/gnu_arm/7.2_2017q4/bin/../lib/gcc/arm-none-eabi/7.2.1/../../../../arm-none-eabi/lib/thumb/v7e-m/fpv4-sp/softfp\libc_nano.a(lib_a-init.o)
                0x000017a8                __libc_init_array
 .text.memset   0x000017f0       0x10 c:/siliconlabs/simplicitystudio/v4_2/developer/toolchains/gnu_arm/7.2_2017q4/bin/../lib/gcc/arm-none-eabi/7.2.1/../../../../arm-none-eabi/lib/thumb/v7e-m/fpv4-sp/softfp\libc_nano.a(lib_a-memset.o)
                0x000017f0                memset
 .text._exit    0x00001800        0x4 c:/siliconlabs/simplicitystudio/v4_2/developer/toolchains/gnu_arm/7.2_2017q4/bin/../lib/gcc/arm-none-eabi/7.2.1/../../../../arm-none-eabi/lib/thumb/v7e-m/fpv4-sp/softfp\libnosys.a(_exit.o)
                0x00001800                _exit
 *(.init)
 .init          0x00001804        0x4 c:/siliconlabs/simplicitystudio/v4_2/developer/toolchains/gnu_arm/7.2_2017q4/bin/../lib/gcc/arm-none-eabi/7.2.1/thumb/v7e-m/fpv4-sp/softfp/crti.o
                0x00001804                _init
 .init          0x00001808        0x8 c:/siliconlabs/simplicitystudio/v4_2/developer/toolchains/gnu_arm/7.2_2017q4/bin/../lib/gcc/arm-none-eabi/7.2.1/thumb/v7e-m/fpv4-sp/softfp/crtn.o
 *(.fini)
 .fini          0x00001810        0x4 c:/siliconlabs/simplicitystudio/v4_2/developer/toolchains/gnu_arm/7.2_2017q4/bin/../lib/gcc/arm-none-eabi/7.2.1/thumb/v7e-m/fpv4-sp/softfp/crti.o
                0x00001810                _fini
 .fini          0x00001814        0x8 c:/siliconlabs/simplicitystudio/v4_2/developer/toolchains/gnu_arm/7.2_2017q4/bin/../lib/gcc/arm-none-eabi/7.2.1/thumb/v7e-m/fpv4-sp/softfp/crtn.o
 *crtbegin.o(.ctors)
 *crtbegin?.o(.ctors)
 *(EXCLUDE_FILE(*crtend.o *crtend?.o) .ctors)
 *(SORT_BY_NAME(.ctors.*))
 *(.ctors)
 *crtbegin.o(.dtors)
 *crtbegin?.o(.dtors)
 *(EXCLUDE_FILE(*crtend.o *crtend?.o) .dtors)
 *(SORT_BY_NAME(.dtors.*))
 *(.dtors)
 *(.rodata*)
 .rodata.CSWTCH.49
                0x0000181c        0x6 ./emlib/em_cmu.o
 *fill*         0x00001822        0x2 
 .rodata.CSWTCH.50
                0x00001824        0x5 ./emlib/em_cmu.o
 *fill*         0x00001829        0x3 
 .rodata.CSWTCH.51
                0x0000182c        0x5 ./emlib/em_cmu.o
 *fill*         0x00001831        0x3 
 .rodata.flashWsTable
                0x00001834       0x28 ./emlib/em_cmu.o
 .rodata        0x0000185c        0x4 ./src/main_s1.o
 .rodata._global_impure_ptr
                0x00001860        0x4 c:/siliconlabs/simplicitystudio/v4_2/developer/toolchains/gnu_arm/7.2_2017q4/bin/../lib/gcc/arm-none-eabi/7.2.1/../../../../arm-none-eabi/lib/thumb/v7e-m/fpv4-sp/softfp\libc_nano.a(lib_a-impure.o)
                0x00001860                _global_impure_ptr
 *(.eh_frame*)
 .eh_frame      0x00001864        0x0 c:/siliconlabs/simplicitystudio/v4_2/developer/toolchains/gnu_arm/7.2_2017q4/bin/../lib/gcc/arm-none-eabi/7.2.1/thumb/v7e-m/fpv4-sp/softfp/crtbegin.o
 .eh_frame      0x00001864        0x4 c:/siliconlabs/simplicitystudio/v4_2/developer/toolchains/gnu_arm/7.2_2017q4/bin/../lib/gcc/arm-none-eabi/7.2.1/thumb/v7e-m/fpv4-sp/softfp/crtend.o

.glue_7         0x00001868        0x0
 .glue_7        0x00001868        0x0 linker stubs

.glue_7t        0x00001868        0x0
 .glue_7t       0x00001868        0x0 linker stubs

.vfp11_veneer   0x00001868        0x0
 .vfp11_veneer  0x00001868        0x0 linker stubs

.v4_bx          0x00001868        0x0
 .v4_bx         0x00001868        0x0 linker stubs

.iplt           0x00001868        0x0
 .iplt          0x00001868        0x0 c:/siliconlabs/simplicitystudio/v4_2/developer/toolchains/gnu_arm/7.2_2017q4/bin/../lib/gcc/arm-none-eabi/7.2.1/thumb/v7e-m/fpv4-sp/softfp/crtbegin.o

.ARM.extab
 *(.ARM.extab* .gnu.linkonce.armextab.*)
                0x00001868                __exidx_start = .

.ARM.exidx      0x00001868        0x8
 *(.ARM.exidx* .gnu.linkonce.armexidx.*)
 .ARM.exidx     0x00001868        0x8 c:/siliconlabs/simplicitystudio/v4_2/developer/toolchains/gnu_arm/7.2_2017q4/bin/../lib/gcc/arm-none-eabi/7.2.1/../../../../arm-none-eabi/lib/thumb/v7e-m/fpv4-sp/softfp/crt0.o
                0x00001870                __exidx_end = .
                0x00001870                __etext = .

.rel.dyn        0x00001870        0x0
 .rel.iplt      0x00001870        0x0 c:/siliconlabs/simplicitystudio/v4_2/developer/toolchains/gnu_arm/7.2_2017q4/bin/../lib/gcc/arm-none-eabi/7.2.1/thumb/v7e-m/fpv4-sp/softfp/crtbegin.o

.data           0x20000000       0x7c load address 0x00001870
                0x20000000                __data_start__ = .
 *(vtable)
 *(.data*)
 .data.SystemCoreClock
                0x20000000        0x4 ./CMSIS/EFR32MG13P/system_efr32mg13p.o
                0x20000000                SystemCoreClock
 .data.SystemHFXOClock
                0x20000004        0x4 ./CMSIS/EFR32MG13P/system_efr32mg13p.o
 .data.SystemHfrcoFreq
                0x20000008        0x4 ./CMSIS/EFR32MG13P/system_efr32mg13p.o
                0x20000008                SystemHfrcoFreq
 .data.SystemLFXOClock
                0x2000000c        0x4 ./CMSIS/EFR32MG13P/system_efr32mg13p.o
 .data.auxHfrcoFreq
                0x20000010        0x4 ./emlib/em_cmu.o
 .data.impure_data
                0x20000014       0x60 c:/siliconlabs/simplicitystudio/v4_2/developer/toolchains/gnu_arm/7.2_2017q4/bin/../lib/gcc/arm-none-eabi/7.2.1/../../../../arm-none-eabi/lib/thumb/v7e-m/fpv4-sp/softfp\libc_nano.a(lib_a-impure.o)
                0x20000074                . = ALIGN (0x4)
                [!provide]                PROVIDE (__ram_func_section_start, .)
 *(.ram)
                [!provide]                PROVIDE (__ram_func_section_end, .)
                0x20000074                . = ALIGN (0x4)
                0x20000074                PROVIDE (__preinit_array_start, .)
 *(.preinit_array)
                0x20000074                PROVIDE (__preinit_array_end, .)
                0x20000074                . = ALIGN (0x4)
                0x20000074                PROVIDE (__init_array_start, .)
 *(SORT_BY_NAME(.init_array.*))
 *(.init_array)
 .init_array    0x20000074        0x4 c:/siliconlabs/simplicitystudio/v4_2/developer/toolchains/gnu_arm/7.2_2017q4/bin/../lib/gcc/arm-none-eabi/7.2.1/thumb/v7e-m/fpv4-sp/softfp/crtbegin.o
                0x20000078                PROVIDE (__init_array_end, .)
                0x20000078                . = ALIGN (0x4)
                [!provide]                PROVIDE (__fini_array_start, .)
 *(SORT_BY_NAME(.fini_array.*))
 *(.fini_array)
 .fini_array    0x20000078        0x4 c:/siliconlabs/simplicitystudio/v4_2/developer/toolchains/gnu_arm/7.2_2017q4/bin/../lib/gcc/arm-none-eabi/7.2.1/thumb/v7e-m/fpv4-sp/softfp/crtbegin.o
                [!provide]                PROVIDE (__fini_array_end, .)
 *(.jcr*)
                0x2000007c                . = ALIGN (0x4)
                0x2000007c                __data_end__ = .

.igot.plt       0x2000007c        0x0 load address 0x000018ec
 .igot.plt      0x2000007c        0x0 c:/siliconlabs/simplicitystudio/v4_2/developer/toolchains/gnu_arm/7.2_2017q4/bin/../lib/gcc/arm-none-eabi/7.2.1/thumb/v7e-m/fpv4-sp/softfp/crtbegin.o

.bss            0x2000007c       0x74 load address 0x000018ec
                0x2000007c                . = ALIGN (0x4)
                0x2000007c                __bss_start__ = .
 *(.bss*)
 .bss           0x2000007c       0x1c c:/siliconlabs/simplicitystudio/v4_2/developer/toolchains/gnu_arm/7.2_2017q4/bin/../lib/gcc/arm-none-eabi/7.2.1/thumb/v7e-m/fpv4-sp/softfp/crtbegin.o
 .bss.cmuStatus.8189
                0x20000098        0x4 ./emlib/em_emu.o
 .bss.hfClock.8190
                0x2000009c        0x1 ./emlib/em_emu.o
 *fill*         0x2000009d        0x3 
 .bss.hfrcoCtrl.8192
                0x200000a0        0x4 ./emlib/em_emu.o
 .bss.vScaleEM01Config
                0x200000a4        0x1 ./emlib/em_emu.o
 .bss.vScaleStatus.8191
                0x200000a5        0x1 ./emlib/em_emu.o
 *(COMMON)
 *fill*         0x200000a6        0x2 
 COMMON         0x200000a8       0x48 ./src/main_s1.o
                0x200000a8                adcBuffer
                0x200000c8                reg1
                0x200000cc                descr
                0x200000dc                reg0
                0x200000e0                trans
                0x200000f0                . = ALIGN (0x4)
                0x200000f0                __bss_end__ = .

.heap           0x200000f0      0xc00
                0x200000f0                __HeapBase = .
                0x200000f0                __end__ = .
                0x200000f0                end = __end__
                0x200000f0                _end = __end__
 *(.heap*)
 .heap          0x200000f0      0xc00 ./CMSIS/EFR32MG13P/startup_gcc_efr32mg13p.o
                0x20000cf0                __HeapLimit = .

.stack_dummy    0x200000f0      0x400
 *(.stack*)
 .stack         0x200000f0      0x400 ./CMSIS/EFR32MG13P/startup_gcc_efr32mg13p.o
                0x20010000                __StackTop = (ORIGIN (RAM) + LENGTH (RAM))
                0x2000fc00                __StackLimit = (__StackTop - SIZEOF (.stack_dummy))
                0x20010000                PROVIDE (__stack, __StackTop)
                0x00000001                ASSERT ((__StackLimit >= __HeapLimit), region RAM overflowed with stack)
                0x00000001                ASSERT ((LENGTH (FLASH) >= (__etext + SIZEOF (.data))), FLASH memory overflowed !)
OUTPUT(BRD4159A_EFR32MG13P_adc_single_letimer_prs_dma.axf elf32-littlearm)

.ARM.attributes
                0x00000000       0x2e
 .ARM.attributes
                0x00000000       0x22 c:/siliconlabs/simplicitystudio/v4_2/developer/toolchains/gnu_arm/7.2_2017q4/bin/../lib/gcc/arm-none-eabi/7.2.1/thumb/v7e-m/fpv4-sp/softfp/crti.o
 .ARM.attributes
                0x00000022       0x32 c:/siliconlabs/simplicitystudio/v4_2/developer/toolchains/gnu_arm/7.2_2017q4/bin/../lib/gcc/arm-none-eabi/7.2.1/thumb/v7e-m/fpv4-sp/softfp/crtbegin.o
 .ARM.attributes
                0x00000054       0x20 c:/siliconlabs/simplicitystudio/v4_2/developer/toolchains/gnu_arm/7.2_2017q4/bin/../lib/gcc/arm-none-eabi/7.2.1/../../../../arm-none-eabi/lib/thumb/v7e-m/fpv4-sp/softfp/crt0.o
 .ARM.attributes
                0x00000074       0x1f ./CMSIS/EFR32MG13P/startup_gcc_efr32mg13p.o
 .ARM.attributes
                0x00000093       0x37 ./CMSIS/EFR32MG13P/system_efr32mg13p.o
 .ARM.attributes
                0x000000ca       0x37 ./emlib/em_adc.o
 .ARM.attributes
                0x00000101       0x37 ./emlib/em_cmu.o
 .ARM.attributes
                0x00000138       0x37 ./emlib/em_emu.o
 .ARM.attributes
                0x0000016f       0x37 ./emlib/em_ldma.o
 .ARM.attributes
                0x000001a6       0x37 ./emlib/em_letimer.o
 .ARM.attributes
                0x000001dd       0x37 ./emlib/em_prs.o
 .ARM.attributes
                0x00000214       0x37 ./emlib/em_system.o
 .ARM.attributes
                0x0000024b       0x37 ./src/main_s1.o
 .ARM.attributes
                0x00000282       0x32 c:/siliconlabs/simplicitystudio/v4_2/developer/toolchains/gnu_arm/7.2_2017q4/bin/../lib/gcc/arm-none-eabi/7.2.1/../../../../arm-none-eabi/lib/thumb/v7e-m/fpv4-sp/softfp\libc_nano.a(lib_a-exit.o)
 .ARM.attributes
                0x000002b4       0x32 c:/siliconlabs/simplicitystudio/v4_2/developer/toolchains/gnu_arm/7.2_2017q4/bin/../lib/gcc/arm-none-eabi/7.2.1/../../../../arm-none-eabi/lib/thumb/v7e-m/fpv4-sp/softfp\libc_nano.a(lib_a-impure.o)
 .ARM.attributes
                0x000002e6       0x32 c:/siliconlabs/simplicitystudio/v4_2/developer/toolchains/gnu_arm/7.2_2017q4/bin/../lib/gcc/arm-none-eabi/7.2.1/../../../../arm-none-eabi/lib/thumb/v7e-m/fpv4-sp/softfp\libc_nano.a(lib_a-init.o)
 .ARM.attributes
                0x00000318       0x32 c:/siliconlabs/simplicitystudio/v4_2/developer/toolchains/gnu_arm/7.2_2017q4/bin/../lib/gcc/arm-none-eabi/7.2.1/../../../../arm-none-eabi/lib/thumb/v7e-m/fpv4-sp/softfp\libc_nano.a(lib_a-memset.o)
 .ARM.attributes
                0x0000034a       0x32 c:/siliconlabs/simplicitystudio/v4_2/developer/toolchains/gnu_arm/7.2_2017q4/bin/../lib/gcc/arm-none-eabi/7.2.1/../../../../arm-none-eabi/lib/thumb/v7e-m/fpv4-sp/softfp\libnosys.a(_exit.o)
 .ARM.attributes
                0x0000037c       0x32 c:/siliconlabs/simplicitystudio/v4_2/developer/toolchains/gnu_arm/7.2_2017q4/bin/../lib/gcc/arm-none-eabi/7.2.1/thumb/v7e-m/fpv4-sp/softfp/crtend.o
 .ARM.attributes
                0x000003ae       0x22 c:/siliconlabs/simplicitystudio/v4_2/developer/toolchains/gnu_arm/7.2_2017q4/bin/../lib/gcc/arm-none-eabi/7.2.1/thumb/v7e-m/fpv4-sp/softfp/crtn.o

.comment        0x00000000       0x7e
 .comment       0x00000000       0x7e ./CMSIS/EFR32MG13P/system_efr32mg13p.o
                                 0x7f (size before relaxing)
 .comment       0x0000007e       0x7f ./emlib/em_adc.o
 .comment       0x0000007e       0x7f ./emlib/em_cmu.o
 .comment       0x0000007e       0x7f ./emlib/em_emu.o
 .comment       0x0000007e       0x7f ./emlib/em_ldma.o
 .comment       0x0000007e       0x7f ./emlib/em_letimer.o
 .comment       0x0000007e       0x7f ./emlib/em_prs.o
 .comment       0x0000007e       0x7f ./emlib/em_system.o
 .comment       0x0000007e       0x7f ./src/main_s1.o

.debug_line     0x00000000     0x725f
 .debug_line    0x00000000       0x78 ./CMSIS/EFR32MG13P/startup_gcc_efr32mg13p.o
 .debug_line    0x00000078      0x8e7 ./CMSIS/EFR32MG13P/system_efr32mg13p.o
 .debug_line    0x0000095f      0xbb0 ./emlib/em_adc.o
 .debug_line    0x0000150f     0x1773 ./emlib/em_cmu.o
 .debug_line    0x00002c82     0x13a3 ./emlib/em_emu.o
 .debug_line    0x00004025      0xa4c ./emlib/em_ldma.o
 .debug_line    0x00004a71      0xa39 ./emlib/em_letimer.o
 .debug_line    0x000054aa      0x95e ./emlib/em_prs.o
 .debug_line    0x00005e08      0x8b9 ./emlib/em_system.o
 .debug_line    0x000066c1      0xb9e ./src/main_s1.o

.debug_info     0x00000000     0xfae8
 .debug_info    0x00000000       0x26 ./CMSIS/EFR32MG13P/startup_gcc_efr32mg13p.o
 .debug_info    0x00000026      0xa71 ./CMSIS/EFR32MG13P/system_efr32mg13p.o
 .debug_info    0x00000a97     0x2039 ./emlib/em_adc.o
 .debug_info    0x00002ad0     0x3e9b ./emlib/em_cmu.o
 .debug_info    0x0000696b     0x343f ./emlib/em_emu.o
 .debug_info    0x00009daa     0x1446 ./emlib/em_ldma.o
 .debug_info    0x0000b1f0      0x7ce ./emlib/em_letimer.o
 .debug_info    0x0000b9be      0x70b ./emlib/em_prs.o
 .debug_info    0x0000c0c9      0x2e4 ./emlib/em_system.o
 .debug_info    0x0000c3ad     0x373b ./src/main_s1.o

.debug_abbrev   0x00000000     0x1ee5
 .debug_abbrev  0x00000000       0x14 ./CMSIS/EFR32MG13P/startup_gcc_efr32mg13p.o
 .debug_abbrev  0x00000014      0x230 ./CMSIS/EFR32MG13P/system_efr32mg13p.o
 .debug_abbrev  0x00000244      0x393 ./emlib/em_adc.o
 .debug_abbrev  0x000005d7      0x53a ./emlib/em_cmu.o
 .debug_abbrev  0x00000b11      0x537 ./emlib/em_emu.o
 .debug_abbrev  0x00001048      0x3d8 ./emlib/em_ldma.o
 .debug_abbrev  0x00001420      0x2e3 ./emlib/em_letimer.o
 .debug_abbrev  0x00001703      0x2e3 ./emlib/em_prs.o
 .debug_abbrev  0x000019e6      0x162 ./emlib/em_system.o
 .debug_abbrev  0x00001b48      0x39d ./src/main_s1.o

.debug_aranges  0x00000000      0x4e8
 .debug_aranges
                0x00000000       0x20 ./CMSIS/EFR32MG13P/startup_gcc_efr32mg13p.o
 .debug_aranges
                0x00000020       0x68 ./CMSIS/EFR32MG13P/system_efr32mg13p.o
 .debug_aranges
                0x00000088       0x70 ./emlib/em_adc.o
 .debug_aranges
                0x000000f8      0x130 ./emlib/em_cmu.o
 .debug_aranges
                0x00000228      0x140 ./emlib/em_emu.o
 .debug_aranges
                0x00000368       0x50 ./emlib/em_ldma.o
 .debug_aranges
                0x000003b8       0x78 ./emlib/em_letimer.o
 .debug_aranges
                0x00000430       0x48 ./emlib/em_prs.o
 .debug_aranges
                0x00000478       0x28 ./emlib/em_system.o
 .debug_aranges
                0x000004a0       0x48 ./src/main_s1.o

.debug_str      0x00000000   0x15a431
 .debug_str     0x00000000       0xae ./CMSIS/EFR32MG13P/startup_gcc_efr32mg13p.o
 .debug_str     0x000000ae   0x14a76d ./CMSIS/EFR32MG13P/system_efr32mg13p.o
                             0x14b6cc (size before relaxing)
 .debug_str     0x0014a81b     0x4c75 ./emlib/em_adc.o
                             0x14ffef (size before relaxing)
 .debug_str     0x0014f490     0x2f20 ./emlib/em_cmu.o
                             0x1505e3 (size before relaxing)
 .debug_str     0x001523b0     0x17cf ./emlib/em_emu.o
                             0x150e21 (size before relaxing)
 .debug_str     0x00153b7f     0x33c5 ./emlib/em_ldma.o
                             0x150a5a (size before relaxing)
 .debug_str     0x00156f44      0x359 ./emlib/em_letimer.o
                             0x14cd5b (size before relaxing)
 .debug_str     0x0015729d      0x650 ./emlib/em_prs.o
                             0x14c331 (size before relaxing)
 .debug_str     0x001578ed       0xa4 ./emlib/em_system.o
                             0x14b605 (size before relaxing)
 .debug_str     0x00157991     0x2aa0 ./src/main_s1.o
                             0x157532 (size before relaxing)

.debug_loc      0x00000000     0x6e1d
 .debug_loc     0x00000000       0xfc ./CMSIS/EFR32MG13P/system_efr32mg13p.o
 .debug_loc     0x000000fc      0xd33 ./emlib/em_adc.o
 .debug_loc     0x00000e2f     0x336e ./emlib/em_cmu.o
 .debug_loc     0x0000419d     0x1e9c ./emlib/em_emu.o
 .debug_loc     0x00006039      0x54e ./emlib/em_ldma.o
 .debug_loc     0x00006587      0x35a ./emlib/em_letimer.o
 .debug_loc     0x000068e1      0x359 ./emlib/em_prs.o
 .debug_loc     0x00006c3a       0x8d ./emlib/em_system.o
 .debug_loc     0x00006cc7      0x156 ./src/main_s1.o

.debug_ranges   0x00000000     0x1348
 .debug_ranges  0x00000000       0x58 ./CMSIS/EFR32MG13P/system_efr32mg13p.o
 .debug_ranges  0x00000058      0x148 ./emlib/em_adc.o
 .debug_ranges  0x000001a0      0x8d8 ./emlib/em_cmu.o
 .debug_ranges  0x00000a78      0x660 ./emlib/em_emu.o
 .debug_ranges  0x000010d8       0xd8 ./emlib/em_ldma.o
 .debug_ranges  0x000011b0       0x80 ./emlib/em_letimer.o
 .debug_ranges  0x00001230       0x50 ./emlib/em_prs.o
 .debug_ranges  0x00001280       0x18 ./emlib/em_system.o
 .debug_ranges  0x00001298       0xb0 ./src/main_s1.o

.debug_macro    0x00000000    0x331a2
 .debug_macro   0x00000000      0x282 ./CMSIS/EFR32MG13P/system_efr32mg13p.o
 .debug_macro   0x00000282      0xa48 ./CMSIS/EFR32MG13P/system_efr32mg13p.o
 .debug_macro   0x00000cca       0x22 ./CMSIS/EFR32MG13P/system_efr32mg13p.o
 .debug_macro   0x00000cec       0x4f ./CMSIS/EFR32MG13P/system_efr32mg13p.o
 .debug_macro   0x00000d3b       0x51 ./CMSIS/EFR32MG13P/system_efr32mg13p.o
 .debug_macro   0x00000d8c       0xef ./CMSIS/EFR32MG13P/system_efr32mg13p.o
 .debug_macro   0x00000e7b       0x6a ./CMSIS/EFR32MG13P/system_efr32mg13p.o
 .debug_macro   0x00000ee5      0x1df ./CMSIS/EFR32MG13P/system_efr32mg13p.o
 .debug_macro   0x000010c4      0x4dd ./CMSIS/EFR32MG13P/system_efr32mg13p.o
 .debug_macro   0x000015a1       0x1c ./CMSIS/EFR32MG13P/system_efr32mg13p.o
 .debug_macro   0x000015bd       0x22 ./CMSIS/EFR32MG13P/system_efr32mg13p.o
 .debug_macro   0x000015df       0xdf ./CMSIS/EFR32MG13P/system_efr32mg13p.o
 .debug_macro   0x000016be      0xff5 ./CMSIS/EFR32MG13P/system_efr32mg13p.o
 .debug_macro   0x000026b3       0xe2 ./CMSIS/EFR32MG13P/system_efr32mg13p.o
 .debug_macro   0x00002795      0xcd6 ./CMSIS/EFR32MG13P/system_efr32mg13p.o
 .debug_macro   0x0000346b     0x2134 ./CMSIS/EFR32MG13P/system_efr32mg13p.o
 .debug_macro   0x0000559f      0x329 ./CMSIS/EFR32MG13P/system_efr32mg13p.o
 .debug_macro   0x000058c8     0x1b2e ./CMSIS/EFR32MG13P/system_efr32mg13p.o
 .debug_macro   0x000073f6     0x23d4 ./CMSIS/EFR32MG13P/system_efr32mg13p.o
 .debug_macro   0x000097ca     0x1a2b ./CMSIS/EFR32MG13P/system_efr32mg13p.o
 .debug_macro   0x0000b1f5      0xd83 ./CMSIS/EFR32MG13P/system_efr32mg13p.o
 .debug_macro   0x0000bf78      0x344 ./CMSIS/EFR32MG13P/system_efr32mg13p.o
 .debug_macro   0x0000c2bc      0x29d ./CMSIS/EFR32MG13P/system_efr32mg13p.o
 .debug_macro   0x0000c559     0x2786 ./CMSIS/EFR32MG13P/system_efr32mg13p.o
 .debug_macro   0x0000ecdf     0x31cc ./CMSIS/EFR32MG13P/system_efr32mg13p.o
 .debug_macro   0x00011eab     0x136b ./CMSIS/EFR32MG13P/system_efr32mg13p.o
 .debug_macro   0x00013216      0xde2 ./CMSIS/EFR32MG13P/system_efr32mg13p.o
 .debug_macro   0x00013ff8      0x249 ./CMSIS/EFR32MG13P/system_efr32mg13p.o
 .debug_macro   0x00014241     0x1042 ./CMSIS/EFR32MG13P/system_efr32mg13p.o
 .debug_macro   0x00015283     0x1605 ./CMSIS/EFR32MG13P/system_efr32mg13p.o
 .debug_macro   0x00016888     0x3cb7 ./CMSIS/EFR32MG13P/system_efr32mg13p.o
 .debug_macro   0x0001a53f     0x23fc ./CMSIS/EFR32MG13P/system_efr32mg13p.o
 .debug_macro   0x0001c93b     0x26ef ./CMSIS/EFR32MG13P/system_efr32mg13p.o
 .debug_macro   0x0001f02a     0x1700 ./CMSIS/EFR32MG13P/system_efr32mg13p.o
 .debug_macro   0x0002072a     0x2efb ./CMSIS/EFR32MG13P/system_efr32mg13p.o
 .debug_macro   0x00023625      0xfaf ./CMSIS/EFR32MG13P/system_efr32mg13p.o
 .debug_macro   0x000245d4      0x6c3 ./CMSIS/EFR32MG13P/system_efr32mg13p.o
 .debug_macro   0x00024c97     0x1021 ./CMSIS/EFR32MG13P/system_efr32mg13p.o
 .debug_macro   0x00025cb8      0x65d ./CMSIS/EFR32MG13P/system_efr32mg13p.o
 .debug_macro   0x00026315      0x7f5 ./CMSIS/EFR32MG13P/system_efr32mg13p.o
 .debug_macro   0x00026b0a      0x4ff ./CMSIS/EFR32MG13P/system_efr32mg13p.o
 .debug_macro   0x00027009     0x1dee ./CMSIS/EFR32MG13P/system_efr32mg13p.o
 .debug_macro   0x00028df7       0x40 ./CMSIS/EFR32MG13P/system_efr32mg13p.o
 .debug_macro   0x00028e37      0x2a4 ./CMSIS/EFR32MG13P/system_efr32mg13p.o
 .debug_macro   0x000290db      0x31f ./CMSIS/EFR32MG13P/system_efr32mg13p.o
 .debug_macro   0x000293fa      0x154 ./CMSIS/EFR32MG13P/system_efr32mg13p.o
 .debug_macro   0x0002954e     0x61b7 ./CMSIS/EFR32MG13P/system_efr32mg13p.o
 .debug_macro   0x0002f705      0x285 ./CMSIS/EFR32MG13P/system_efr32mg13p.o
 .debug_macro   0x0002f98a      0x285 ./CMSIS/EFR32MG13P/system_efr32mg13p.o
 .debug_macro   0x0002fc0f      0x33f ./emlib/em_adc.o
 .debug_macro   0x0002ff4e       0x22 ./emlib/em_adc.o
 .debug_macro   0x0002ff70       0x51 ./emlib/em_adc.o
 .debug_macro   0x0002ffc1       0x10 ./emlib/em_adc.o
 .debug_macro   0x0002ffd1       0xea ./emlib/em_adc.o
 .debug_macro   0x000300bb       0x69 ./emlib/em_adc.o
 .debug_macro   0x00030124      0x361 ./emlib/em_adc.o
 .debug_macro   0x00030485      0x16d ./emlib/em_adc.o
 .debug_macro   0x000305f2      0x39b ./emlib/em_cmu.o
 .debug_macro   0x0003098d       0x58 ./emlib/em_cmu.o
 .debug_macro   0x000309e5      0x34d ./emlib/em_cmu.o
 .debug_macro   0x00030d32       0x25 ./emlib/em_cmu.o
 .debug_macro   0x00030d57       0xee ./emlib/em_cmu.o
 .debug_macro   0x00030e45       0x87 ./emlib/em_cmu.o
 .debug_macro   0x00030ecc      0x3b3 ./emlib/em_emu.o
 .debug_macro   0x0003127f       0x52 ./emlib/em_emu.o
 .debug_macro   0x000312d1       0x55 ./emlib/em_emu.o
 .debug_macro   0x00031326      0x353 ./emlib/em_emu.o
 .debug_macro   0x00031679       0xd9 ./emlib/em_emu.o
 .debug_macro   0x00031752       0x81 ./emlib/em_emu.o
 .debug_macro   0x000317d3       0xc0 ./emlib/em_emu.o
 .debug_macro   0x00031893      0x2c4 ./emlib/em_ldma.o
 .debug_macro   0x00031b57       0xba ./emlib/em_ldma.o
 .debug_macro   0x00031c11      0x2c1 ./emlib/em_letimer.o
 .debug_macro   0x00031ed2      0x2a5 ./emlib/em_prs.o
 .debug_macro   0x00032177       0xe4 ./emlib/em_prs.o
 .debug_macro   0x0003225b       0x28 ./emlib/em_prs.o
 .debug_macro   0x00032283      0x283 ./emlib/em_system.o
 .debug_macro   0x00032506      0x416 ./src/main_s1.o
 .debug_macro   0x0003291c       0x17 ./src/main_s1.o
 .debug_macro   0x00032933       0x35 ./src/main_s1.o
 .debug_macro   0x00032968       0x9c ./src/main_s1.o
 .debug_macro   0x00032a04       0x16 ./src/main_s1.o
 .debug_macro   0x00032a1a       0x57 ./src/main_s1.o
 .debug_macro   0x00032a71       0x97 ./src/main_s1.o
 .debug_macro   0x00032b08       0xf6 ./src/main_s1.o
 .debug_macro   0x00032bfe       0x10 ./src/main_s1.o
 .debug_macro   0x00032c0e       0x58 ./src/main_s1.o
 .debug_macro   0x00032c66       0x1f ./src/main_s1.o
 .debug_macro   0x00032c85       0x43 ./src/main_s1.o
 .debug_macro   0x00032cc8       0x20 ./src/main_s1.o
 .debug_macro   0x00032ce8      0x18e ./src/main_s1.o
 .debug_macro   0x00032e76       0x10 ./src/main_s1.o
 .debug_macro   0x00032e86       0xb6 ./src/main_s1.o
 .debug_macro   0x00032f3c       0x16 ./src/main_s1.o
 .debug_macro   0x00032f52      0x129 ./src/main_s1.o
 .debug_macro   0x0003307b       0x57 ./src/main_s1.o
 .debug_macro   0x000330d2       0xc0 ./src/main_s1.o
 .debug_macro   0x00033192       0x10 ./src/main_s1.o

.debug_frame    0x00000000      0xd38
 .debug_frame   0x00000000       0xc8 ./CMSIS/EFR32MG13P/system_efr32mg13p.o
 .debug_frame   0x000000c8      0x154 ./emlib/em_adc.o
 .debug_frame   0x0000021c      0x378 ./emlib/em_cmu.o
 .debug_frame   0x00000594      0x3f8 ./emlib/em_emu.o
 .debug_frame   0x0000098c       0xcc ./emlib/em_ldma.o
 .debug_frame   0x00000a58       0xe0 ./emlib/em_letimer.o
 .debug_frame   0x00000b38       0x88 ./emlib/em_prs.o
 .debug_frame   0x00000bc0       0x30 ./emlib/em_system.o
 .debug_frame   0x00000bf0       0xb4 ./src/main_s1.o
 .debug_frame   0x00000ca4       0x28 c:/siliconlabs/simplicitystudio/v4_2/developer/toolchains/gnu_arm/7.2_2017q4/bin/../lib/gcc/arm-none-eabi/7.2.1/../../../../arm-none-eabi/lib/thumb/v7e-m/fpv4-sp/softfp\libc_nano.a(lib_a-exit.o)
 .debug_frame   0x00000ccc       0x2c c:/siliconlabs/simplicitystudio/v4_2/developer/toolchains/gnu_arm/7.2_2017q4/bin/../lib/gcc/arm-none-eabi/7.2.1/../../../../arm-none-eabi/lib/thumb/v7e-m/fpv4-sp/softfp\libc_nano.a(lib_a-init.o)
 .debug_frame   0x00000cf8       0x20 c:/siliconlabs/simplicitystudio/v4_2/developer/toolchains/gnu_arm/7.2_2017q4/bin/../lib/gcc/arm-none-eabi/7.2.1/../../../../arm-none-eabi/lib/thumb/v7e-m/fpv4-sp/softfp\libc_nano.a(lib_a-memset.o)
 .debug_frame   0x00000d18       0x20 c:/siliconlabs/simplicitystudio/v4_2/developer/toolchains/gnu_arm/7.2_2017q4/bin/../lib/gcc/arm-none-eabi/7.2.1/../../../../arm-none-eabi/lib/thumb/v7e-m/fpv4-sp/softfp\libnosys.a(_exit.o)
